Archive member included to satisfy reference by file (symbol)

/home/shashank/opt/cross/lib/gcc/i686-elf/13.1.0/libgcc.a(_udivdi3.o)
                              /mnt/c/Users/boyas/OneDrive/Desktop/nanobyte-dev-nanobyte_os-bdf4eab/build/stage2/c/stdio.obj (__udivdi3)
/home/shashank/opt/cross/lib/gcc/i686-elf/13.1.0/libgcc.a(_umoddi3.o)
                              /mnt/c/Users/boyas/OneDrive/Desktop/nanobyte-dev-nanobyte_os-bdf4eab/build/stage2/c/stdio.obj (__umoddi3)

Memory Configuration

Name             Origin             Length             Attributes
*default*        0x00000000         0xffffffff

Linker script and memory map

LOAD /mnt/c/Users/boyas/OneDrive/Desktop/nanobyte-dev-nanobyte_os-bdf4eab/build/stage2/asm/entry.obj
LOAD /mnt/c/Users/boyas/OneDrive/Desktop/nanobyte-dev-nanobyte_os-bdf4eab/build/stage2/asm/x86.obj
LOAD /mnt/c/Users/boyas/OneDrive/Desktop/nanobyte-dev-nanobyte_os-bdf4eab/build/stage2/c/ctype.obj
LOAD /mnt/c/Users/boyas/OneDrive/Desktop/nanobyte-dev-nanobyte_os-bdf4eab/build/stage2/c/disk.obj
LOAD /mnt/c/Users/boyas/OneDrive/Desktop/nanobyte-dev-nanobyte_os-bdf4eab/build/stage2/c/fat.obj
LOAD /mnt/c/Users/boyas/OneDrive/Desktop/nanobyte-dev-nanobyte_os-bdf4eab/build/stage2/c/main.obj
LOAD /mnt/c/Users/boyas/OneDrive/Desktop/nanobyte-dev-nanobyte_os-bdf4eab/build/stage2/c/memory.obj
LOAD /mnt/c/Users/boyas/OneDrive/Desktop/nanobyte-dev-nanobyte_os-bdf4eab/build/stage2/c/stdio.obj
LOAD /mnt/c/Users/boyas/OneDrive/Desktop/nanobyte-dev-nanobyte_os-bdf4eab/build/stage2/c/string.obj
LOAD /home/shashank/opt/cross/lib/gcc/i686-elf/13.1.0/libgcc.a
                0x00000500                        phys = 0x500
                0x00000500                        . = phys

.entry          0x00000500       0xc0
                0x00000500                        __entry_start = .
 *(.entry)
 .entry         0x00000500       0xc0 /mnt/c/Users/boyas/OneDrive/Desktop/nanobyte-dev-nanobyte_os-bdf4eab/build/stage2/asm/entry.obj
                0x00000500                entry

.text           0x000005c0     0x1b46
                0x000005c0                        __text_start = .
 *(.text)
 .text          0x000005c0      0x1a5 /mnt/c/Users/boyas/OneDrive/Desktop/nanobyte-dev-nanobyte_os-bdf4eab/build/stage2/asm/x86.obj
                0x000005c0                x86_outb
                0x000005cb                x86_inb
                0x000005d4                x86_Disk_GetDriveParams
                0x00000697                x86_Disk_Reset
                0x000006e7                x86_Disk_Read
 .text          0x00000765       0x55 /mnt/c/Users/boyas/OneDrive/Desktop/nanobyte-dev-nanobyte_os-bdf4eab/build/stage2/c/ctype.obj
                0x00000765                islower
                0x0000078e                toupper
 .text          0x000007ba      0x199 /mnt/c/Users/boyas/OneDrive/Desktop/nanobyte-dev-nanobyte_os-bdf4eab/build/stage2/c/disk.obj
                0x000007ba                DISK_Initialize
                0x0000082a                DISK_LBA2CHS
                0x000008b7                DISK_ReadSectors
 .text          0x00000953      0xa30 /mnt/c/Users/boyas/OneDrive/Desktop/nanobyte-dev-nanobyte_os-bdf4eab/build/stage2/c/fat.obj
                0x00000953                FAT_ReadBootSector
                0x00000970                FAT_ReadFat
                0x000009a4                FAT_Initialize
                0x00000bd8                FAT_ClusterToLba
                0x00000bf9                FAT_OpenEntry
                0x00000dc1                FAT_NextCluster
                0x00000e0e                FAT_Read
                0x00001062                FAT_ReadEntry
                0x00001083                FAT_Close
                0x000010d1                FAT_FindFile
                0x00001236                FAT_Open
 .text          0x00001383       0xf2 /mnt/c/Users/boyas/OneDrive/Desktop/nanobyte-dev-nanobyte_os-bdf4eab/build/stage2/c/main.obj
                0x00001383                start
 .text          0x00001475       0xf5 /mnt/c/Users/boyas/OneDrive/Desktop/nanobyte-dev-nanobyte_os-bdf4eab/build/stage2/c/memory.obj
                0x00001475                memcpy
                0x000014c7                memset
                0x0000150a                memcmp
 .text          0x0000156a      0x883 /mnt/c/Users/boyas/OneDrive/Desktop/nanobyte-dev-nanobyte_os-bdf4eab/build/stage2/c/stdio.obj
                0x0000156a                putchr
                0x00001599                putcolor
                0x000015cb                getchr
                0x000015ed                getcolor
                0x00001612                setcursor
                0x00001683                clrscr
                0x00001711                scrollback
                0x000017ff                putc
                0x0000190f                puts
                0x0000193e                printf_unsigned
                0x000019e2                printf_signed
                0x00001a3f                printf
                0x00001d54                print_buffer
 .text          0x00001ded       0xb6 /mnt/c/Users/boyas/OneDrive/Desktop/nanobyte-dev-nanobyte_os-bdf4eab/build/stage2/c/string.obj
                0x00001ded                strchr
                0x00001e2b                strcpy
                0x00001e7d                strlen
 *fill*         0x00001ea3        0xd 
 .text          0x00001eb0      0x11a /home/shashank/opt/cross/lib/gcc/i686-elf/13.1.0/libgcc.a(_udivdi3.o)
                0x00001eb0                __udivdi3
 *fill*         0x00001fca        0x6 
 .text          0x00001fd0      0x136 /home/shashank/opt/cross/lib/gcc/i686-elf/13.1.0/libgcc.a(_umoddi3.o)
                0x00001fd0                __umoddi3

.data           0x00002108        0xc
                0x00002108                        __data_start = .
 *(.data)
 .data          0x00002108        0x0 /mnt/c/Users/boyas/OneDrive/Desktop/nanobyte-dev-nanobyte_os-bdf4eab/build/stage2/c/ctype.obj
 .data          0x00002108        0x0 /mnt/c/Users/boyas/OneDrive/Desktop/nanobyte-dev-nanobyte_os-bdf4eab/build/stage2/c/disk.obj
 .data          0x00002108        0x0 /mnt/c/Users/boyas/OneDrive/Desktop/nanobyte-dev-nanobyte_os-bdf4eab/build/stage2/c/fat.obj
 .data          0x00002108        0x8 /mnt/c/Users/boyas/OneDrive/Desktop/nanobyte-dev-nanobyte_os-bdf4eab/build/stage2/c/main.obj
                0x00002108                KernelLoadBuffer
                0x0000210c                Kernel
 .data          0x00002110        0x0 /mnt/c/Users/boyas/OneDrive/Desktop/nanobyte-dev-nanobyte_os-bdf4eab/build/stage2/c/memory.obj
 .data          0x00002110        0x4 /mnt/c/Users/boyas/OneDrive/Desktop/nanobyte-dev-nanobyte_os-bdf4eab/build/stage2/c/stdio.obj
                0x00002110                g_ScreenBuffer
 .data          0x00002114        0x0 /mnt/c/Users/boyas/OneDrive/Desktop/nanobyte-dev-nanobyte_os-bdf4eab/build/stage2/c/string.obj
 .data          0x00002114        0x0 /home/shashank/opt/cross/lib/gcc/i686-elf/13.1.0/libgcc.a(_udivdi3.o)
 .data          0x00002114        0x0 /home/shashank/opt/cross/lib/gcc/i686-elf/13.1.0/libgcc.a(_umoddi3.o)

.rodata         0x00002114      0x206
                0x00002114                        __rodata_start = .
 *(.rodata)
 .rodata        0x00002114      0x11b /mnt/c/Users/boyas/OneDrive/Desktop/nanobyte-dev-nanobyte_os-bdf4eab/build/stage2/c/fat.obj
 .rodata        0x0000222f       0x2f /mnt/c/Users/boyas/OneDrive/Desktop/nanobyte-dev-nanobyte_os-bdf4eab/build/stage2/c/main.obj
 *fill*         0x0000225e        0x2 
 .rodata        0x00002260       0xba /mnt/c/Users/boyas/OneDrive/Desktop/nanobyte-dev-nanobyte_os-bdf4eab/build/stage2/c/stdio.obj
                0x00002260                SCREEN_WIDTH
                0x00002264                SCREEN_HEIGHT
                0x00002268                DEFAULT_COLOR
                0x0000226c                g_HexChars

.eh_frame       0x0000231c       0xd8
 .eh_frame      0x0000231c       0x64 /home/shashank/opt/cross/lib/gcc/i686-elf/13.1.0/libgcc.a(_udivdi3.o)
 .eh_frame      0x00002380       0x74 /home/shashank/opt/cross/lib/gcc/i686-elf/13.1.0/libgcc.a(_umoddi3.o)

.bss            0x000023f4       0x14
                0x000023f4                        __bss_start = .
 *(.bss)
 .bss           0x000023f4        0x0 /mnt/c/Users/boyas/OneDrive/Desktop/nanobyte-dev-nanobyte_os-bdf4eab/build/stage2/c/ctype.obj
 .bss           0x000023f4        0x0 /mnt/c/Users/boyas/OneDrive/Desktop/nanobyte-dev-nanobyte_os-bdf4eab/build/stage2/c/disk.obj
 .bss           0x000023f4        0xc /mnt/c/Users/boyas/OneDrive/Desktop/nanobyte-dev-nanobyte_os-bdf4eab/build/stage2/c/fat.obj
 .bss           0x00002400        0x0 /mnt/c/Users/boyas/OneDrive/Desktop/nanobyte-dev-nanobyte_os-bdf4eab/build/stage2/c/main.obj
 .bss           0x00002400        0x0 /mnt/c/Users/boyas/OneDrive/Desktop/nanobyte-dev-nanobyte_os-bdf4eab/build/stage2/c/memory.obj
 .bss           0x00002400        0x8 /mnt/c/Users/boyas/OneDrive/Desktop/nanobyte-dev-nanobyte_os-bdf4eab/build/stage2/c/stdio.obj
                0x00002400                g_ScreenX
                0x00002404                g_ScreenY
 .bss           0x00002408        0x0 /mnt/c/Users/boyas/OneDrive/Desktop/nanobyte-dev-nanobyte_os-bdf4eab/build/stage2/c/string.obj
 .bss           0x00002408        0x0 /home/shashank/opt/cross/lib/gcc/i686-elf/13.1.0/libgcc.a(_udivdi3.o)
 .bss           0x00002408        0x0 /home/shashank/opt/cross/lib/gcc/i686-elf/13.1.0/libgcc.a(_umoddi3.o)
                0x00002408                        __end = .
OUTPUT(/mnt/c/Users/boyas/OneDrive/Desktop/nanobyte-dev-nanobyte_os-bdf4eab/build/stage2.bin binary)

.debug_info     0x00000000     0x1eb9
 .debug_info    0x00000000       0xcb /mnt/c/Users/boyas/OneDrive/Desktop/nanobyte-dev-nanobyte_os-bdf4eab/build/stage2/c/ctype.obj
 .debug_info    0x000000cb      0x2b1 /mnt/c/Users/boyas/OneDrive/Desktop/nanobyte-dev-nanobyte_os-bdf4eab/build/stage2/c/disk.obj
 .debug_info    0x0000037c      0x9a9 /mnt/c/Users/boyas/OneDrive/Desktop/nanobyte-dev-nanobyte_os-bdf4eab/build/stage2/c/fat.obj
 .debug_info    0x00000d25      0x2bf /mnt/c/Users/boyas/OneDrive/Desktop/nanobyte-dev-nanobyte_os-bdf4eab/build/stage2/c/main.obj
 .debug_info    0x00000fe4      0x1e8 /mnt/c/Users/boyas/OneDrive/Desktop/nanobyte-dev-nanobyte_os-bdf4eab/build/stage2/c/memory.obj
 .debug_info    0x000011cc      0x54c /mnt/c/Users/boyas/OneDrive/Desktop/nanobyte-dev-nanobyte_os-bdf4eab/build/stage2/c/stdio.obj
 .debug_info    0x00001718      0x132 /mnt/c/Users/boyas/OneDrive/Desktop/nanobyte-dev-nanobyte_os-bdf4eab/build/stage2/c/string.obj
 .debug_info    0x0000184a      0x32c /home/shashank/opt/cross/lib/gcc/i686-elf/13.1.0/libgcc.a(_udivdi3.o)
 .debug_info    0x00001b76      0x343 /home/shashank/opt/cross/lib/gcc/i686-elf/13.1.0/libgcc.a(_umoddi3.o)

.debug_abbrev   0x00000000      0xb9c
 .debug_abbrev  0x00000000       0x77 /mnt/c/Users/boyas/OneDrive/Desktop/nanobyte-dev-nanobyte_os-bdf4eab/build/stage2/c/ctype.obj
 .debug_abbrev  0x00000077      0x140 /mnt/c/Users/boyas/OneDrive/Desktop/nanobyte-dev-nanobyte_os-bdf4eab/build/stage2/c/disk.obj
 .debug_abbrev  0x000001b7      0x24d /mnt/c/Users/boyas/OneDrive/Desktop/nanobyte-dev-nanobyte_os-bdf4eab/build/stage2/c/fat.obj
 .debug_abbrev  0x00000404      0x14c /mnt/c/Users/boyas/OneDrive/Desktop/nanobyte-dev-nanobyte_os-bdf4eab/build/stage2/c/main.obj
 .debug_abbrev  0x00000550       0xe2 /mnt/c/Users/boyas/OneDrive/Desktop/nanobyte-dev-nanobyte_os-bdf4eab/build/stage2/c/memory.obj
 .debug_abbrev  0x00000632      0x1f6 /mnt/c/Users/boyas/OneDrive/Desktop/nanobyte-dev-nanobyte_os-bdf4eab/build/stage2/c/stdio.obj
 .debug_abbrev  0x00000828       0xa8 /mnt/c/Users/boyas/OneDrive/Desktop/nanobyte-dev-nanobyte_os-bdf4eab/build/stage2/c/string.obj
 .debug_abbrev  0x000008d0      0x15b /home/shashank/opt/cross/lib/gcc/i686-elf/13.1.0/libgcc.a(_udivdi3.o)
 .debug_abbrev  0x00000a2b      0x171 /home/shashank/opt/cross/lib/gcc/i686-elf/13.1.0/libgcc.a(_umoddi3.o)

.debug_aranges  0x00000000      0x120
 .debug_aranges
                0x00000000       0x20 /mnt/c/Users/boyas/OneDrive/Desktop/nanobyte-dev-nanobyte_os-bdf4eab/build/stage2/c/ctype.obj
 .debug_aranges
                0x00000020       0x20 /mnt/c/Users/boyas/OneDrive/Desktop/nanobyte-dev-nanobyte_os-bdf4eab/build/stage2/c/disk.obj
 .debug_aranges
                0x00000040       0x20 /mnt/c/Users/boyas/OneDrive/Desktop/nanobyte-dev-nanobyte_os-bdf4eab/build/stage2/c/fat.obj
 .debug_aranges
                0x00000060       0x20 /mnt/c/Users/boyas/OneDrive/Desktop/nanobyte-dev-nanobyte_os-bdf4eab/build/stage2/c/main.obj
 .debug_aranges
                0x00000080       0x20 /mnt/c/Users/boyas/OneDrive/Desktop/nanobyte-dev-nanobyte_os-bdf4eab/build/stage2/c/memory.obj
 .debug_aranges
                0x000000a0       0x20 /mnt/c/Users/boyas/OneDrive/Desktop/nanobyte-dev-nanobyte_os-bdf4eab/build/stage2/c/stdio.obj
 .debug_aranges
                0x000000c0       0x20 /mnt/c/Users/boyas/OneDrive/Desktop/nanobyte-dev-nanobyte_os-bdf4eab/build/stage2/c/string.obj
 .debug_aranges
                0x000000e0       0x20 /home/shashank/opt/cross/lib/gcc/i686-elf/13.1.0/libgcc.a(_udivdi3.o)
 .debug_aranges
                0x00000100       0x20 /home/shashank/opt/cross/lib/gcc/i686-elf/13.1.0/libgcc.a(_umoddi3.o)

.debug_line     0x00000000      0xf6b
 .debug_line    0x00000000       0x81 /mnt/c/Users/boyas/OneDrive/Desktop/nanobyte-dev-nanobyte_os-bdf4eab/build/stage2/c/ctype.obj
 .debug_line    0x00000081       0xea /mnt/c/Users/boyas/OneDrive/Desktop/nanobyte-dev-nanobyte_os-bdf4eab/build/stage2/c/disk.obj
 .debug_line    0x0000016b      0x4ff /mnt/c/Users/boyas/OneDrive/Desktop/nanobyte-dev-nanobyte_os-bdf4eab/build/stage2/c/fat.obj
 .debug_line    0x0000066a       0xbb /mnt/c/Users/boyas/OneDrive/Desktop/nanobyte-dev-nanobyte_os-bdf4eab/build/stage2/c/main.obj
 .debug_line    0x00000725       0xcc /mnt/c/Users/boyas/OneDrive/Desktop/nanobyte-dev-nanobyte_os-bdf4eab/build/stage2/c/memory.obj
 .debug_line    0x000007f1      0x392 /mnt/c/Users/boyas/OneDrive/Desktop/nanobyte-dev-nanobyte_os-bdf4eab/build/stage2/c/stdio.obj
 .debug_line    0x00000b83       0x97 /mnt/c/Users/boyas/OneDrive/Desktop/nanobyte-dev-nanobyte_os-bdf4eab/build/stage2/c/string.obj
 .debug_line    0x00000c1a      0x180 /home/shashank/opt/cross/lib/gcc/i686-elf/13.1.0/libgcc.a(_udivdi3.o)
 .debug_line    0x00000d9a      0x1d1 /home/shashank/opt/cross/lib/gcc/i686-elf/13.1.0/libgcc.a(_umoddi3.o)

.debug_str      0x00000000     0x12a3
 .debug_str     0x00000000       0xea /mnt/c/Users/boyas/OneDrive/Desktop/nanobyte-dev-nanobyte_os-bdf4eab/build/stage2/c/ctype.obj
 .debug_str     0x000000ea      0x1c5 /mnt/c/Users/boyas/OneDrive/Desktop/nanobyte-dev-nanobyte_os-bdf4eab/build/stage2/c/disk.obj
 .debug_str     0x000002af      0x5e8 /mnt/c/Users/boyas/OneDrive/Desktop/nanobyte-dev-nanobyte_os-bdf4eab/build/stage2/c/fat.obj
 .debug_str     0x00000897      0x1e2 /mnt/c/Users/boyas/OneDrive/Desktop/nanobyte-dev-nanobyte_os-bdf4eab/build/stage2/c/main.obj
 .debug_str     0x00000a79      0x125 /mnt/c/Users/boyas/OneDrive/Desktop/nanobyte-dev-nanobyte_os-bdf4eab/build/stage2/c/memory.obj
 .debug_str     0x00000b9e      0x24e /mnt/c/Users/boyas/OneDrive/Desktop/nanobyte-dev-nanobyte_os-bdf4eab/build/stage2/c/stdio.obj
 .debug_str     0x00000dec       0xf1 /mnt/c/Users/boyas/OneDrive/Desktop/nanobyte-dev-nanobyte_os-bdf4eab/build/stage2/c/string.obj
 .debug_str     0x00000edd      0x1e3 /home/shashank/opt/cross/lib/gcc/i686-elf/13.1.0/libgcc.a(_udivdi3.o)
 .debug_str     0x000010c0      0x1e3 /home/shashank/opt/cross/lib/gcc/i686-elf/13.1.0/libgcc.a(_umoddi3.o)

.debug_line_str
                0x00000000      0x8eb
 .debug_line_str
                0x00000000       0xce /mnt/c/Users/boyas/OneDrive/Desktop/nanobyte-dev-nanobyte_os-bdf4eab/build/stage2/c/ctype.obj
 .debug_line_str
                0x000000ce      0x11e /mnt/c/Users/boyas/OneDrive/Desktop/nanobyte-dev-nanobyte_os-bdf4eab/build/stage2/c/disk.obj
 .debug_line_str
                0x000001ec      0x13d /mnt/c/Users/boyas/OneDrive/Desktop/nanobyte-dev-nanobyte_os-bdf4eab/build/stage2/c/fat.obj
 .debug_line_str
                0x00000329      0x12f /mnt/c/Users/boyas/OneDrive/Desktop/nanobyte-dev-nanobyte_os-bdf4eab/build/stage2/c/main.obj
 .debug_line_str
                0x00000458      0x117 /mnt/c/Users/boyas/OneDrive/Desktop/nanobyte-dev-nanobyte_os-bdf4eab/build/stage2/c/memory.obj
 .debug_line_str
                0x0000056f      0x123 /mnt/c/Users/boyas/OneDrive/Desktop/nanobyte-dev-nanobyte_os-bdf4eab/build/stage2/c/stdio.obj
 .debug_line_str
                0x00000692       0xd1 /mnt/c/Users/boyas/OneDrive/Desktop/nanobyte-dev-nanobyte_os-bdf4eab/build/stage2/c/string.obj
 .debug_line_str
                0x00000763       0xc4 /home/shashank/opt/cross/lib/gcc/i686-elf/13.1.0/libgcc.a(_udivdi3.o)
 .debug_line_str
                0x00000827       0xc4 /home/shashank/opt/cross/lib/gcc/i686-elf/13.1.0/libgcc.a(_umoddi3.o)

.comment        0x00000000       0xab
 .comment       0x00000000       0x13 /mnt/c/Users/boyas/OneDrive/Desktop/nanobyte-dev-nanobyte_os-bdf4eab/build/stage2/c/ctype.obj
 .comment       0x00000013       0x13 /mnt/c/Users/boyas/OneDrive/Desktop/nanobyte-dev-nanobyte_os-bdf4eab/build/stage2/c/disk.obj
 .comment       0x00000026       0x13 /mnt/c/Users/boyas/OneDrive/Desktop/nanobyte-dev-nanobyte_os-bdf4eab/build/stage2/c/fat.obj
 .comment       0x00000039       0x13 /mnt/c/Users/boyas/OneDrive/Desktop/nanobyte-dev-nanobyte_os-bdf4eab/build/stage2/c/main.obj
 .comment       0x0000004c       0x13 /mnt/c/Users/boyas/OneDrive/Desktop/nanobyte-dev-nanobyte_os-bdf4eab/build/stage2/c/memory.obj
 .comment       0x0000005f       0x13 /mnt/c/Users/boyas/OneDrive/Desktop/nanobyte-dev-nanobyte_os-bdf4eab/build/stage2/c/stdio.obj
 .comment       0x00000072       0x13 /mnt/c/Users/boyas/OneDrive/Desktop/nanobyte-dev-nanobyte_os-bdf4eab/build/stage2/c/string.obj
 .comment       0x00000085       0x13 /home/shashank/opt/cross/lib/gcc/i686-elf/13.1.0/libgcc.a(_udivdi3.o)
 .comment       0x00000098       0x13 /home/shashank/opt/cross/lib/gcc/i686-elf/13.1.0/libgcc.a(_umoddi3.o)

.debug_frame    0x00000000      0x524
 .debug_frame   0x00000000       0x54 /mnt/c/Users/boyas/OneDrive/Desktop/nanobyte-dev-nanobyte_os-bdf4eab/build/stage2/c/ctype.obj
 .debug_frame   0x00000054       0x80 /mnt/c/Users/boyas/OneDrive/Desktop/nanobyte-dev-nanobyte_os-bdf4eab/build/stage2/c/disk.obj
 .debug_frame   0x000000d4      0x184 /mnt/c/Users/boyas/OneDrive/Desktop/nanobyte-dev-nanobyte_os-bdf4eab/build/stage2/c/fat.obj
 .debug_frame   0x00000258       0x2c /mnt/c/Users/boyas/OneDrive/Desktop/nanobyte-dev-nanobyte_os-bdf4eab/build/stage2/c/main.obj
 .debug_frame   0x00000284       0x74 /mnt/c/Users/boyas/OneDrive/Desktop/nanobyte-dev-nanobyte_os-bdf4eab/build/stage2/c/memory.obj
 .debug_frame   0x000002f8      0x1b8 /mnt/c/Users/boyas/OneDrive/Desktop/nanobyte-dev-nanobyte_os-bdf4eab/build/stage2/c/stdio.obj
 .debug_frame   0x000004b0       0x74 /mnt/c/Users/boyas/OneDrive/Desktop/nanobyte-dev-nanobyte_os-bdf4eab/build/stage2/c/string.obj

.debug_loclists
                0x00000000      0x978
 .debug_loclists
                0x00000000      0x50c /home/shashank/opt/cross/lib/gcc/i686-elf/13.1.0/libgcc.a(_udivdi3.o)
 .debug_loclists
                0x0000050c      0x46c /home/shashank/opt/cross/lib/gcc/i686-elf/13.1.0/libgcc.a(_umoddi3.o)

.debug_rnglists
                0x00000000       0x49
 .debug_rnglists
                0x00000000       0x2a /home/shashank/opt/cross/lib/gcc/i686-elf/13.1.0/libgcc.a(_udivdi3.o)
 .debug_rnglists
                0x0000002a       0x1f /home/shashank/opt/cross/lib/gcc/i686-elf/13.1.0/libgcc.a(_umoddi3.o)
